Archive member included to satisfy reference by file (symbol)

../../../capi324v22x-v2.06.000R\libcapi324v22x.a(ADC_open.o)
                              main.o (ADC_open)
../../../capi324v22x-v2.06.000R\libcapi324v22x.a(ADC_sample.o)
                              main.o (ADC_sample)
../../../capi324v22x-v2.06.000R\libcapi324v22x.a(ADC_set_VREF.o)
                              main.o (ADC_set_VREF)
../../../capi324v22x-v2.06.000R\libcapi324v22x.a(ADC_set_channel.o)
                              main.o (ADC_set_channel)
../../../capi324v22x-v2.06.000R\libcapi324v22x.a(__ADC_init.o)
                              ../../../capi324v22x-v2.06.000R\libcapi324v22x.a(ADC_open.o) (__ADC_init)
../../../capi324v22x-v2.06.000R\libcapi324v22x.a(CBOT_main.o)
                              C:/Program Files (x86)/Atmel/Studio/7.0/Packs/atmel/ATmega_DFP/1.6.364/gcc/dev/atmega324p/avr5/crtatmega324p.o (main)
../../../capi324v22x-v2.06.000R\libcapi324v22x.a(LCD_clear.o)
                              main.o (LCD_clear)
../../../capi324v22x-v2.06.000R\libcapi324v22x.a(LCD_open.o)
                              main.o (LCD_open)
../../../capi324v22x-v2.06.000R\libcapi324v22x.a(LCD_set_PGC_addr.o)
                              ../../../capi324v22x-v2.06.000R\libcapi324v22x.a(LCD_clear.o) (LCD_set_PGC_addr)
../../../capi324v22x-v2.06.000R\libcapi324v22x.a(LCD_set_backlight.o)
                              ../../../capi324v22x-v2.06.000R\libcapi324v22x.a(LCD_open.o) (LCD_set_backlight)
../../../capi324v22x-v2.06.000R\libcapi324v22x.a(LCD_set_next_PGC.o)
                              ../../../capi324v22x-v2.06.000R\libcapi324v22x.a(LCD_clear.o) (LCD_set_next_PGC)
../../../capi324v22x-v2.06.000R\libcapi324v22x.a(LCD_write.o)
                              ../../../capi324v22x-v2.06.000R\libcapi324v22x.a(LCD_clear.o) (LCD_write)
../../../capi324v22x-v2.06.000R\libcapi324v22x.a(__LCD_init.o)
                              ../../../capi324v22x-v2.06.000R\libcapi324v22x.a(LCD_open.o) (__LCD_init)
../../../capi324v22x-v2.06.000R\libcapi324v22x.a(LED_open.o)
                              main.o (LED_open)
../../../capi324v22x-v2.06.000R\libcapi324v22x.a(LED_tog_pattern.o)
                              main.o (LED_tog_pattern)
../../../capi324v22x-v2.06.000R\libcapi324v22x.a(__LED_init.o)
                              ../../../capi324v22x-v2.06.000R\libcapi324v22x.a(LED_open.o) (__LED_init)
../../../capi324v22x-v2.06.000R\libcapi324v22x.a(__LED_tog_pattern.o)
                              ../../../capi324v22x-v2.06.000R\libcapi324v22x.a(LED_tog_pattern.o) (__LED_tog_pattern)
../../../capi324v22x-v2.06.000R\libcapi324v22x.a(SPI_open.o)
                              ../../../capi324v22x-v2.06.000R\libcapi324v22x.a(LCD_open.o) (SPI_open)
../../../capi324v22x-v2.06.000R\libcapi324v22x.a(SPI_set_config_func.o)
                              ../../../capi324v22x-v2.06.000R\libcapi324v22x.a(SPI_open.o) (SPI_set_config_func)
../../../capi324v22x-v2.06.000R\libcapi324v22x.a(SPI_set_slave_addr.o)
                              ../../../capi324v22x-v2.06.000R\libcapi324v22x.a(LCD_set_backlight.o) (SPI_set_slave_addr)
../../../capi324v22x-v2.06.000R\libcapi324v22x.a(SPI_transmit.o)
                              ../../../capi324v22x-v2.06.000R\libcapi324v22x.a(LCD_set_backlight.o) (SPI_transmit)
../../../capi324v22x-v2.06.000R\libcapi324v22x.a(__SPI_init.o)
                              ../../../capi324v22x-v2.06.000R\libcapi324v22x.a(SPI_open.o) (__SPI_init)
../../../capi324v22x-v2.06.000R\libcapi324v22x.a(STEPPER_move.o)
                              main.o (STEPPER_move)
../../../capi324v22x-v2.06.000R\libcapi324v22x.a(STEPPER_open.o)
                              main.o (STEPPER_open)
../../../capi324v22x-v2.06.000R\libcapi324v22x.a(STEPPER_run.o)
                              ../../../capi324v22x-v2.06.000R\libcapi324v22x.a(STEPPER_move.o) (STEPPER_run)
../../../capi324v22x-v2.06.000R\libcapi324v22x.a(STEPPER_run2.o)
                              ../../../capi324v22x-v2.06.000R\libcapi324v22x.a(STEPPER_move.o) (STEPPER_run2)
../../../capi324v22x-v2.06.000R\libcapi324v22x.a(STEPPER_runn.o)
                              main.o (STEPPER_runn)
../../../capi324v22x-v2.06.000R\libcapi324v22x.a(STEPPER_set_accel.o)
                              ../../../capi324v22x-v2.06.000R\libcapi324v22x.a(STEPPER_move.o) (STEPPER_set_accel)
../../../capi324v22x-v2.06.000R\libcapi324v22x.a(STEPPER_set_accel2.o)
                              main.o (STEPPER_set_accel2)
../../../capi324v22x-v2.06.000R\libcapi324v22x.a(STEPPER_set_dir.o)
                              ../../../capi324v22x-v2.06.000R\libcapi324v22x.a(STEPPER_run.o) (STEPPER_set_dir)
../../../capi324v22x-v2.06.000R\libcapi324v22x.a(STEPPER_set_dir2.o)
                              ../../../capi324v22x-v2.06.000R\libcapi324v22x.a(STEPPER_run2.o) (STEPPER_set_dir2)
../../../capi324v22x-v2.06.000R\libcapi324v22x.a(STEPPER_set_mode.o)
[...]
Memory Configuration

Name             Origin             Length             Attributes
text             0x00000000         0x00008000         xr
data             0x00800100         0x00000800         rw !x
eeprom           0x00810000         0x00000400         rw !x
fuse             0x00820000         0x00000003         rw !x
lock             0x00830000         0x00000400         rw !x
signature        0x00840000         0x00000400         rw !x
user_signatures  0x00850000         0x00000400         rw !x
*default*        0x00000000         0xffffffff

Linker script and memory map

Address of section .data set to 0x800100
LOAD C:/Program Files (x86)/Atmel/Studio/7.0/Packs/atmel/ATmega_DFP/1.6.364/gcc/dev/atmega324p/avr5/crtatmega324p.o
LOAD main.o
START GROUP
LOAD ../../../capi324v22x-v2.06.000R\libcapi324v22x.a
LOAD c:/program files (x86)/atmel/studio/7.0/toolchain/avr8/avr8-gnu-toolchain/bin/../lib/gcc/avr/5.4.0/../../../../avr/lib/avr5\libprintf_flt.a
LOAD c:/program files (x86)/atmel/studio/7.0/toolchain/avr8/avr8-gnu-toolchain/bin/../lib/gcc/avr/5.4.0/../../../../avr/lib/avr5\libm.a
END GROUP
START GROUP
LOAD c:/program files (x86)/atmel/studio/7.0/toolchain/avr8/avr8-gnu-toolchain/bin/../lib/gcc/avr/5.4.0/avr5\libgcc.a
LOAD c:/program files (x86)/atmel/studio/7.0/toolchain/avr8/avr8-gnu-toolchain/bin/../lib/gcc/avr/5.4.0/../../../../avr/lib/avr5\libm.a
LOAD c:/program files (x86)/atmel/studio/7.0/toolchain/avr8/avr8-gnu-toolchain/bin/../lib/gcc/avr/5.4.0/../../../../avr/lib/avr5\libc.a
LOAD C:/Program Files (x86)/Atmel/Studio/7.0/Packs/atmel/ATmega_DFP/1.6.364/gcc/dev/atmega324p/avr5\libatmega324p.a
END GROUP
                [0x00000000]                __TEXT_REGION_ORIGIN__ = DEFINED (__TEXT_REGION_ORIGIN__)?__TEXT_REGION_ORIGIN__:0x0
                [0x00800100]                __DATA_REGION_ORIGIN__ = DEFINED (__DATA_REGION_ORIGIN__)?__DATA_REGION_ORIGIN__:0x800060
                [0x00008000]                __TEXT_REGION_LENGTH__ = DEFINED (__TEXT_REGION_LENGTH__)?__TEXT_REGION_LENGTH__:0x20000
                [0x00000800]                __DATA_REGION_LENGTH__ = DEFINED (__DATA_REGION_LENGTH__)?__DATA_REGION_LENGTH__:0xffa0
                [0x00000400]                __EEPROM_REGION_LENGTH__ = DEFINED (__EEPROM_REGION_LENGTH__)?__EEPROM_REGION_LENGTH__:0x10000
                [0x00000003]                __FUSE_REGION_LENGTH__ = DEFINED (__FUSE_REGION_LENGTH__)?__FUSE_REGION_LENGTH__:0x400
                0x00000400                __LOCK_REGION_LENGTH__ = DEFINED (__LOCK_REGION_LENGTH__)?__LOCK_REGION_LENGTH__:0x400
                0x00000400                __SIGNATURE_REGION_LENGTH__ = DEFINED (__SIGNATURE_REGION_LENGTH__)?__SIGNATURE_REGION_LENGTH__:0x400
                0x00000400                __USER_SIGNATURE_REGION_LENGTH__ = DEFINED (__USER_SIGNATURE_REGION_LENGTH__)?__USER_SIGNATURE_REGION_LENGTH__:0x400

.hash
 *(.hash)

.dynsym
 *(.dynsym)

.dynstr
 *(.dynstr)

.gnu.version
 *(.gnu.version)

.gnu.version_d
 *(.gnu.version_d)

.gnu.version_r
 *(.gnu.version_r)

.rel.init
 *(.rel.init)

.rela.init
 *(.rela.init)

.rel.text
 *(.rel.text)
 *(.rel.text.*)
 *(.rel.gnu.linkonce.t*)

.rela.text
 *(.rela.text)
 *(.rela.text.*)
 *(.rela.gnu.linkonce.t*)

.rel.fini
 *(.rel.fini)

.rela.fini
 *(.rela.fini)

.rel.rodata
 *(.rel.rodata)
 *(.rel.rodata.*)
 *(.rel.gnu.linkonce.r*)

.rela.rodata
 *(.rela.rodata)
 *(.rela.rodata.*)
 *(.rela.gnu.linkonce.r*)

.rel.data
 *(.rel.data)
 *(.rel.data.*)
 *(.rel.gnu.linkonce.d*)

.rela.data
 *(.rela.data)
 *(.rela.data.*)
 *(.rela.gnu.linkonce.d*)

.rel.ctors
 *(.rel.ctors)

.rela.ctors
 *(.rela.ctors)

.rel.dtors
 *(.rel.dtors)

.rela.dtors
 *(.rela.dtors)

.rel.got
 *(.rel.got)

.rela.got
 *(.rela.got)

.rel.bss
 *(.rel.bss)

.rela.bss
 *(.rela.bss)

.rel.plt
 *(.rel.plt)

.rela.plt
 *(.rela.plt)

.text           0x00000000     0x4bf8
 *(.vectors)
 .vectors       0x00000000       0x7c C:/Program Files (x86)/Atmel/Studio/7.0/Packs/atmel/ATmega_DFP/1.6.364/gcc/dev/atmega324p/avr5/crtatmega324p.o
                0x00000000                __vector_default
                0x00000000                __vectors
 *(.vectors)
 *(.progmem.gcc*)
 .progmem.gcc_fplib
                0x0000007c       0x28 c:/program files (x86)/atmel/studio/7.0/toolchain/avr8/avr8-gnu-toolchain/bin/../lib/gcc/avr/5.4.0/../../../../avr/lib/avr5\libm.a(exp.o)
 .progmem.gcc_fplib
                0x000000a4       0x5a c:/program files (x86)/atmel/studio/7.0/toolchain/avr8/avr8-gnu-toolchain/bin/../lib/gcc/avr/5.4.0/../../../../avr/lib/avr5\libm.a(log.o)
                0x000000fe                . = ALIGN (0x2)
                0x000000fe                __trampolines_start = .
 *(.trampolines)
 .trampolines   0x000000fe        0x0 linker stubs
 *(.trampolines*)
                0x000000fe                __trampolines_end = .
 *libprintf_flt.a:*(.progmem.data)
 .progmem.data  0x000000fe        0x8 c:/program files (x86)/atmel/studio/7.0/toolchain/avr8/avr8-gnu-toolchain/bin/../lib/gcc/avr/5.4.0/../../../../avr/lib/avr5\libprintf_flt.a(vfprintf_flt.o)
 *libc.a:*(.progmem.data)
 .progmem.data  0x00000106       0xfa c:/program files (x86)/atmel/studio/7.0/toolchain/avr8/avr8-gnu-toolchain/bin/../lib/gcc/avr/5.4.0/../../../../avr/lib/avr5\libc.a(ftoa_engine.o)
 *(.progmem*)
 .progmem.data  0x00000200      0x415 ../../../capi324v22x-v2.06.000R\libcapi324v22x.a(LCD_globals.o)
                0x00000200                char_bitmap
                0x00000415                CEENBoT_Inc_logo_bitmap
                0x00000616                . = ALIGN (0x2)
 *fill*         0x00000615        0x1 
 *(.jumptables)
 *(.jumptables*)
 *(.lowtext)
 *(.lowtext*)
                0x00000616                __ctors_start = .
 *(.ctors)
                0x00000616                __ctors_end = .
                0x00000616                __dtors_start = .
 *(.dtors)
                0x00000616                __dtors_end = .
 SORT(*)(.ctors)
 SORT(*)(.dtors)
 *(.init0)
 .init0         0x00000616        0x0 C:/Program Files (x86)/Atmel/Studio/7.0/Packs/atmel/ATmega_DFP/1.6.364/gcc/dev/atmega324p/avr5/crtatmega324p.o
                0x00000616                __init
 *(.init0)
 *(.init1)
 *(.init1)
 *(.init2)
 .init2         0x00000616        0xc C:/Program Files (x86)/Atmel/Studio/7.0/Packs/atmel/ATmega_DFP/1.6.364/gcc/dev/atmega324p/avr5/crtatmega324p.o
 *(.init2)
 *(.init3)
 *(.init3)
 *(.init4)
 .init4         0x00000622       0x16 c:/program files (x86)/atmel/studio/7.0/toolchain/avr8/avr8-gnu-toolchain/bin/../lib/gcc/avr/5.4.0/avr5\libgcc.a(_copy_data.o)
                0x00000622                __do_copy_data
 .init4         0x00000638       0x10 c:/program files (x86)/atmel/studio/7.0/toolchain/avr8/avr8-gnu-toolchain/bin/../lib/gcc/avr/5.4.0/avr5\libgcc.a(_clear_bss.o)
                0x00000638                __do_clear_bss
 *(.init4)
 *(.init5)
 *(.init5)
 *(.init6)
 *(.init6)
 *(.init7)
 *(.init7)
 *(.init8)
 *(.init8)
 *(.init9)
 .init9         0x00000648        0x8 C:/Program Files (x86)/Atmel/Studio/7.0/Packs/atmel/ATmega_DFP/1.6.364/gcc/dev/atmega324p/avr5/crtatmega324p.o
 *(.init9)
 *(.text)
 .text          0x00000650        0x4 C:/Program Files (x86)/Atmel/Studio/7.0/Packs/atmel/ATmega_DFP/1.6.364/gcc/dev/atmega324p/avr5/crtatmega324p.o
                0x00000650                __vector_22
                0x00000650                __vector_28
                0x00000650                __vector_1
                0x00000650                __vector_24
                0x00000650                __bad_interrupt
                0x00000650                __vector_3
                0x00000650                __vector_23
                0x00000650                __vector_30
                0x00000650                __vector_25
                0x00000650                __vector_19
                0x00000650                __vector_27
                0x00000650                __vector_2
                0x00000650                __vector_21
                0x00000650                __vector_29
                0x00000650                __vector_8
                0x00000650                __vector_26
                0x00000650                __vector_20
 .text          0x00000654       0x16 ../../../capi324v22x-v2.06.000R\libcapi324v22x.a(ADC_open.o)
                0x00000654                ADC_open
 .text          0x0000066a       0x3a ../../../capi324v22x-v2.06.000R\libcapi324v22x.a(ADC_sample.o)
                0x0000066a                ADC_sample
 .text          0x000006a4       0x16 ../../../capi324v22x-v2.06.000R\libcapi324v22x.a(ADC_set_VREF.o)
                0x000006a4                ADC_set_VREF
 .text          0x000006ba       0x6e ../../../capi324v22x-v2.06.000R\libcapi324v22x.a(ADC_set_channel.o)
                0x000006ba                ADC_set_channel
 .text          0x00000728       0x16 ../../../capi324v22x-v2.06.000R\libcapi324v22x.a(__ADC_init.o)
                0x00000728                __ADC_init
 .text          0x0000073e       0x12 ../../../capi324v22x-v2.06.000R\libcapi324v22x.a(CBOT_main.o)
                0x0000073e                main
 .text          0x00000750       0x44 ../../../capi324v22x-v2.06.000R\libcapi324v22x.a(LCD_clear.o)
                0x00000750                LCD_clear
 .text          0x00000794      0x10c ../../../capi324v22x-v2.06.000R\libcapi324v22x.a(LCD_open.o)
                0x00000794                LCD_open
 .text          0x000008a0       0x44 ../../../capi324v22x-v2.06.000R\libcapi324v22x.a(LCD_set_PGC_addr.o)
                0x000008a0                LCD_set_PGC_addr
 .text          0x000008e4       0x42 ../../../capi324v22x-v2.06.000R\libcapi324v22x.a(LCD_set_backlight.o)
                0x000008e4                LCD_set_backlight
 .text          0x00000926       0x24 ../../../capi324v22x-v2.06.000R\libcapi324v22x.a(LCD_set_next_PGC.o)
                0x00000926                LCD_set_next_PGC
 .text          0x0000094a       0x36 ../../../capi324v22x-v2.06.000R\libcapi324v22x.a(LCD_write.o)
                0x0000094a                LCD_write
 .text          0x00000980        0x4 ../../../capi324v22x-v2.06.000R\libcapi324v22x.a(__LCD_init.o)
                0x00000980                __LCD_init
 .text          0x00000984       0x16 ../../../capi324v22x-v2.06.000R\libcapi324v22x.a(LED_open.o)
                0x00000984                LED_open
 .text          0x0000099a       0x18 ../../../capi324v22x-v2.06.000R\libcapi324v22x.a(LED_tog_pattern.o)
                0x0000099a                LED_tog_pattern
 .text          0x000009b2       0x12 ../../../capi324v22x-v2.06.000R\libcapi324v22x.a(__LED_init.o)
                0x000009b2                __LED_init
 .text          0x000009c4       0x1c ../../../capi324v22x-v2.06.000R\libcapi324v22x.a(__LED_tog_pattern.o)
                0x000009c4                __LED_tog_pattern
 .text          0x000009e0       0x72 ../../../capi324v22x-v2.06.000R\libcapi324v22x.a(SPI_open.o)
                0x000009e0                SPI_open
 .text          0x00000a52       0x12 ../../../capi324v22x-v2.06.000R\libcapi324v22x.a(SPI_set_config_func.o)
                0x00000a52                SPI_set_config_func
 .text          0x00000a64       0xa2 ../../../capi324v22x-v2.06.000R\libcapi324v22x.a(SPI_set_slave_addr.o)
                0x00000a64                SPI_set_slave_addr
 .text          0x00000b06       0x1e ../../../capi324v22x-v2.06.000R\libcapi324v22x.a(SPI_transmit.o)
                0x00000b06                SPI_transmit
 .text          0x00000b24        0xe ../../../capi324v22x-v2.06.000R\libcapi324v22x.a(__SPI_init.o)
                0x00000b24                __SPI_init
 .text          0x00000b32      0x28e ../../../capi324v22x-v2.06.000R\libcapi324v22x.a(STEPPER_move.o)
                0x00000c8e                STEPPER_move
 .text          0x00000dc0       0xea ../../../capi324v22x-v2.06.000R\libcapi324v22x.a(STEPPER_open.o)
                0x00000dc0                STEPPER_open
 .text          0x00000eaa       0x2e ../../../capi324v22x-v2.06.000R\libcapi324v22x.a(STEPPER_run.o)
                0x00000eaa                STEPPER_run
 .text          0x00000ed8       0x3a ../../../capi324v22x-v2.06.000R\libcapi324v22x.a(STEPPER_run2.o)
                0x00000ed8                STEPPER_run2
 .text          0x00000f12       0x82 ../../../capi324v22x-v2.06.000R\libcapi324v22x.a(STEPPER_runn.o)
                0x00000f12                STEPPER_runn
 .text          0x00000f94       0x44 ../../../capi324v22x-v2.06.000R\libcapi324v22x.a(STEPPER_set_accel.o)
                0x00000f94                STEPPER_set_accel
 .text          0x00000fd8       0x3c ../../../capi324v22x-v2.06.000R\libcapi324v22x.a(STEPPER_set_accel2.o)
                0x00000fd8                STEPPER_set_accel2
 .text          0x00001014       0x2a ../../../capi324v22x-v2.06.000R\libcapi324v22x.a(STEPPER_set_dir.o)
                0x00001014                STEPPER_set_dir
 .text          0x0000103e       0x14 ../../../capi324v22x-v2.06.000R\libcapi324v22x.a(STEPPER_set_dir2.o)
                0x0000103e                STEPPER_set_dir2
 .text          0x00001052       0x2a ../../../capi324v22x-v2.06.000R\libcapi324v22x.a(STEPPER_set_mode.o)
                0x00001052                STEPPER_set_mode
 .text          0x0000107c       0x5a ../../../capi324v22x-v2.06.000R\libcapi324v22x.a(STEPPER_set_speed.o)
                0x0000107c                STEPPER_set_speed
 .text          0x000010d6       0x3e ../../../capi324v22x-v2.06.000R\libcapi324v22x.a(STEPPER_set_speed2.o)
                0x000010d6                STEPPER_set_speed2
 .text          0x00001114      0x126 ../../../capi324v22x-v2.06.000R\libcapi324v22x.a(STEPPER_step.o)
                0x00001114                STEPPER_step
 .text          0x0000123a      0x10a ../../../capi324v22x-v2.06.000R\libcapi324v22x.a(STEPPER_step2.o)
                0x0000123a                STEPPER_step2
 .text          0x00001344       0x4a ../../../capi324v22x-v2.06.000R\libcapi324v22x.a(STEPPER_stop.o)
                0x00001344                STEPPER_stop
 .text          0x0000138e       0xa6 ../../../capi324v22x-v2.06.000R\libcapi324v22x.a(STEPPER_wait_and_then.o)
                0x0000138e                STEPPER_wait_and_then
 .text          0x00001434       0x14 ../../../capi324v22x-v2.06.000R\libcapi324v22x.a(__STEPPER_init.o)
                0x00001434                __STEPPER_init
 .text          0x00001448       0x20 ../../../capi324v22x-v2.06.000R\libcapi324v22x.a(SYS_decrement_refcount.o)
                0x00001448                SYS_decrement_refcount
 .text          0x00001468       0x1a ../../../capi324v22x-v2.06.000R\libcapi324v22x.a(SYS_increment_refcount.o)
                0x00001468                SYS_increment_refcount
 .text          0x00001482       0x18 ../../../capi324v22x-v2.06.000R\libcapi324v22x.a(SYS_isOpen.o)
                0x00001482                SYS_isOpen
 .text          0x0000149a       0x6a ../../../capi324v22x-v2.06.000R\libcapi324v22x.a(ATTINY_get_IR_state.o)
                0x0000149a                ATTINY_get_IR_state
 .text          0x00001504       0x62 ../../../capi324v22x-v2.06.000R\libcapi324v22x.a(ATTINY_get_sensors.o)
                0x00001504                ATTINY_get_sensors
 .text          0x00001566       0x48 ../../../capi324v22x-v2.06.000R\libcapi324v22x.a(ATTINY_open.o)
                0x00001566                ATTINY_open
 .text          0x000015ae       0x82 ../../../capi324v22x-v2.06.000R\libcapi324v22x.a(ATTINY_set_RC_servo.o)
                0x000015ae                ATTINY_set_RC_servo
 .text          0x00001630      0x1b4 ../../../capi324v22x-v2.06.000R\libcapi324v22x.a(ATTINY_set_RC_servos.o)
                0x00001630                ATTINY_set_RC_servos
 .text          0x000017e4       0x82 ../../../capi324v22x-v2.06.000R\libcapi324v22x.a(__ATTINY_initialize_params.o)
                0x000017e4                __ATTINY_initialize_params
 .text          0x00001866       0x5a ../../../capi324v22x-v2.06.000R\libcapi324v22x.a(TMRSRVC_delay.o)
                0x00001866                TMRSRVC_delay
 .text          0x000018c0       0x7c ../../../capi324v22x-v2.06.000R\libcapi324v22x.a(TMRSRVC_new.o)
                0x000018c0                TMRSRVC_new
 .text          0x0000193c       0xd2 ../../../capi324v22x-v2.06.000R\libcapi324v22x.a(__TMRSRVC_insert.o)
                0x0000193c                TMRSRVC_insert
 .text          0x00001a0e       0x4a ../../../capi324v22x-v2.06.000R\libcapi324v22x.a(USONIC_open.o)
                0x00001a0e                USONIC_open
 .text          0x00001a58       0xc8 ../../../capi324v22x-v2.06.000R\libcapi324v22x.a(USONIC_ping.o)
                0x00001a58                USONIC_ping
 .text          0x00001b20        0x6 ../../../capi324v22x-v2.06.000R\libcapi324v22x.a(__USONIC_init.o)
                0x00001b20                __USONIC_init
 .text          0x00001b26       0x1c ../../../capi324v22x-v2.06.000R\libcapi324v22x.a(CBOT_init.o)
                0x00001b26                CBOT_init
 .text          0x00001b42      0x480 ../../../capi324v22x-v2.06.000R\libcapi324v22x.a(CBOT_isr.o)
                0x00001b42                CBOT_ISR_init
                0x00001b46                __vector_16
                0x00001b98                __vector_17
                0x00001bea                __vector_18
                0x00001c3c                __vector_9
                0x00001c8e                __vector_10
                0x00001ce0                __vector_11
                0x00001d32                __vector_13
                0x00001d84                __vector_14
                0x00001dd6                __vector_12
                0x00001e28                __vector_15
                0x00001e7a                __vector_4
                0x00001ecc                __vector_5
                0x00001f1e                __vector_6
                0x00001f70                __vector_7
 .text          0x00001fc2       0x22 ../../../capi324v22x-v2.06.000R\libcapi324v22x.a(ISR_open.o)
                0x00001fc2                ISR_open
 .text          0x00001fe4      0x15a ../../../capi324v22x-v2.06.000R\libcapi324v22x.a(__LCD_putchar.o)
                0x00001fe4                __LCD_putchar
 .text          0x0000213e       0x18 ../../../capi324v22x-v2.06.000R\libcapi324v22x.a(LED_clr_pattern.o)
                0x0000213e                LED_clr_pattern
 .text          0x00002156        0xa ../../../capi324v22x-v2.06.000R\libcapi324v22x.a(__LED_clr_pattern.o)
                0x00002156                __LED_clr_pattern
 .text          0x00002160       0x10 ../../../capi324v22x-v2.06.000R\libcapi324v22x.a(ATMEGA_open.o)
                0x00002160                ATMEGA_open
 .text          0x00002170       0xa6 ../../../capi324v22x-v2.06.000R\libcapi324v22x.a(ATMEGA_set_clk_mode.o)
                0x00002170                ATMEGA_set_clk_mode
 .text          0x00002216        0x6 ../../../capi324v22x-v2.06.000R\libcapi324v22x.a(__ATMEGA_init.o)
                0x00002216                __ATMEGA_init
 .text          0x0000221c       0x52 ../../../capi324v22x-v2.06.000R\libcapi324v22x.a(SPI_cfgrs.o)
                0x0000221c                SPI_default_config
                0x0000222c                SPI_ATtiny0_config
                0x0000223c                SPI_PSXC_config
                0x0000224c                SPI_LCD_config
                0x0000225c                SPI_FLASH_config
 .text          0x0000226e       0x20 ../../../capi324v22x-v2.06.000R\libcapi324v22x.a(SPI_receive.o)
                0x0000226e                SPI_receive
 .text          0x0000228e       0x64 ../../../capi324v22x-v2.06.000R\libcapi324v22x.a(SPKR_close.o)
                0x0000228e                __SPKR_close_beep_mode
                0x000022a4                __SPKR_close_tone_mode
                0x000022de                SPKR_close
 .text          0x000022f2      0x136 ../../../capi324v22x-v2.06.000R\libcapi324v22x.a(SPKR_open.o)
                0x000022f2                __SPKR_set_up_freq_LUT
                0x00002390                __SPKR_open_beep_mode
                0x000023b4                __SPKR_open_tone_mode
                0x00002410                SPKR_open
 .text          0x00002428       0xac ../../../capi324v22x-v2.06.000R\libcapi324v22x.a(SPKR_play_beep.o)
                0x00002428                SPKR_play_beep
 .text          0x000024d4       0x38 ../../../capi324v22x-v2.06.000R\libcapi324v22x.a(__SPKR_close.o)
                0x000024d4                __SPKR_close
 .text          0x0000250c       0x54 ../../../capi324v22x-v2.06.000R\libcapi324v22x.a(__SPKR_init.o)
                0x0000250c                __SPKR_init
 .text          0x00002560        0xc ../../../capi324v22x-v2.06.000R\libcapi324v22x.a(__SPKR_stop.o)
                0x00002560                __SPKR_stop
 .text          0x0000256c       0x2a ../../../capi324v22x-v2.06.000R\libcapi324v22x.a(STEPPER_go.o)
                0x0000256c                STEPPER_go
 .text          0x00002596       0x36 ../../../capi324v22x-v2.06.000R\libcapi324v22x.a(STEPPER_set_steps.o)
                0x00002596                STEPPER_set_steps
 .text          0x000025cc       0x1a ../../../capi324v22x-v2.06.000R\libcapi324v22x.a(STEPPER_set_steps2.o)
                0x000025cc                STEPPER_set_steps2
 .text          0x000025e6       0x2a ../../../capi324v22x-v2.06.000R\libcapi324v22x.a(STEPPER_set_stop_mode.o)
                0x000025e6                STEPPER_set_stop_mode
 .text          0x00002610       0x7a ../../../capi324v22x-v2.06.000R\libcapi324v22x.a(STEPPER_setup_decels.o)
                0x00002610                STEPPER_setup_decels
 .text          0x0000268a        0xc ../../../capi324v22x-v2.06.000R\libcapi324v22x.a(STOPWATCH_get_ticks.o)
                0x0000268a                STOPWATCH_get_ticks
 .text          0x00002696       0x3c ../../../capi324v22x-v2.06.000R\libcapi324v22x.a(STOPWATCH_open.o)
                0x00002696                STOPWATCH_open
 .text          0x000026d2       0x14 ../../../capi324v22x-v2.06.000R\libcapi324v22x.a(STOPWATCH_reset.o)
                0x000026d2                STOPWATCH_reset
 .text          0x000026e6       0x10 ../../../capi324v22x-v2.06.000R\libcapi324v22x.a(STOPWATCH_start.o)
                0x000026e6                STOPWATCH_start
 .text          0x000026f6       0x1a ../../../capi324v22x-v2.06.000R\libcapi324v22x.a(STOPWATCH_stop.o)
                0x000026f6                STOPWATCH_stop
 .text          0x00002710       0x2a ../../../capi324v22x-v2.06.000R\libcapi324v22x.a(__STOPWATCH_init.o)
                0x00002710                __STOPWATCH_init
 .text          0x0000273a        0xc ../../../capi324v22x-v2.06.000R\libcapi324v22x.a(__STOPWATCH_start.o)
                0x0000273a                __STOPWATCH_start
 .text          0x00002746        0xc ../../../capi324v22x-v2.06.000R\libcapi324v22x.a(__STOPWATCH_stop.o)
                0x00002746                __STOPWATCH_stop
 .text          0x00002752       0x1e ../../../capi324v22x-v2.06.000R\libcapi324v22x.a(SYS_init.o)
                0x00002752                SYS_init
 .text          0x00002770       0x10 ../../../capi324v22x-v2.06.000R\libcapi324v22x.a(SYS_set_refcount.o)
                0x00002770                SYS_set_refcount
 .text          0x00002780       0x7a ../../../capi324v22x-v2.06.000R\libcapi324v22x.a(ATTINY_get_firm_rev.o)
                0x00002780                ATTINY_get_firm_rev
 .text          0x000027fa       0x42 ../../../capi324v22x-v2.06.000R\libcapi324v22x.a(ATTINY_power_cycle_IR.o)
                0x000027fa                ATTINY_power_cycle_IR
 .text          0x0000283c       0x38 ../../../capi324v22x-v2.06.000R\libcapi324v22x.a(TMRSRVC_open.o)
                0x0000283c                TMRSRVC_open
 .text          0x00002874        0x8 ../../../capi324v22x-v2.06.000R\libcapi324v22x.a(TMRSRVC_start.o)
                0x00002874                TMRSRVC_start
 .text          0x0000287c       0x12 ../../../capi324v22x-v2.06.000R\libcapi324v22x.a(__TMRSRVC_init.o)
                0x0000287c                __TMRSRVC_init
 .text          0x0000288e        0xc ../../../capi324v22x-v2.06.000R\libcapi324v22x.a(__TMRSRVC_start.o)
                0x0000288e                __TMRSRVC_start
 .text          0x0000289a       0x28 ../../../capi324v22x-v2.06.000R\libcapi324v22x.a(ISR_attach.o)
                0x0000289a                ISR_attach
 .text          0x000028c2       0x22 ../../../capi324v22x-v2.06.000R\libcapi324v22x.a(__ISR_attach.o)
                0x000028c2                __ISR_attach
 .text          0x000028e4        0x6 ../../../capi324v22x-v2.06.000R\libcapi324v22x.a(ISR__SPKR__TIMER1_COMPA_vect.o)
                0x000028e4                __SPKR_TIMER1_COMPA_vect
 .text          0x000028ea       0x48 ../../../capi324v22x-v2.06.000R\libcapi324v22x.a(SPKR_beep.o)
                0x000028ea                SPKR_beep
 .text          0x00002932       0x82 ../../../capi324v22x-v2.06.000R\libcapi324v22x.a(SPKR_clk.o)
                0x00002932                SPKR_clk
 .text          0x000029b4       0xda ../../../capi324v22x-v2.06.000R\libcapi324v22x.a(STEPPER_set_decel_step_values.o)
                0x000029b4                STEPPER_set_decel_step_values
 .text          0x00002a8e        0x6 ../../../capi324v22x-v2.06.000R\libcapi324v22x.a(ISR__TIMER1_COMPA_vect.o)
                0x00002a8e                __TIMER1_COMPA_vect
 .text          0x00002a94        0xe ../../../capi324v22x-v2.06.000R\libcapi324v22x.a(ISR__TIMER0_COMPA_vect.o)
                0x00002a94                __TIMER0_COMPA_vect
 .text          0x00002aa2       0x32 ../../../capi324v22x-v2.06.000R\libcapi324v22x.a(TMRSRVC_tick.o)
                0x00002aa2                TMRSRVC_tick
 .text          0x00002ad4       0x18 ../../../capi324v22x-v2.06.000R\libcapi324v22x.a(STOPWATCH_clk.o)
                0x00002ad4                STOPWATCH_clk
 .text          0x00002aec       0x4e ../../../capi324v22x-v2.06.000R\libcapi324v22x.a(SPKR_beep_clk.o)
                0x00002aec                SPKR_beep_clk
 .text          0x00002b3a      0x162 ../../../capi324v22x-v2.06.000R\libcapi324v22x.a(STEPPER_clk.o)
                0x00002b3a                STEPPER_clk
 .text          0x00002c9c       0x8a ../../../capi324v22x-v2.06.000R\libcapi324v22x.a(STEPPER_process_accel.o)
                0x00002c9c                STEPPER_process_accel
 .text          0x00002d26      0x206 ../../../capi324v22x-v2.06.000R\libcapi324v22x.a(STEPPER_process_run_mode.o)
                0x00002d26                STEPPER_process_run_mode
 .text          0x00002f2c       0xa8 ../../../capi324v22x-v2.06.000R\libcapi324v22x.a(STEPPER_process_step_mode.o)
                0x00002f2c                STEPPER_process_step_mode
 .text          0x00002fd4       0xd6 ../../../capi324v22x-v2.06.000R\libcapi324v22x.a(TMRSRVC_process.o)
                0x00002fd4                TMRSRVC_process
 .text          0x000030aa        0x6 ../../../capi324v22x-v2.06.000R\libcapi324v22x.a(TMRSRVC_stop.o)
                0x000030aa                TMRSRVC_stop
 .text          0x000030b0      0x130 ../../../capi324v22x-v2.06.000R\libcapi324v22x.a(STEPPER_process_pwm.o)
                0x000030b0                STEPPER_process_pwm
                0x000031e0                . = ALIGN (0x2)
 *(.text.*)
 .text.info_display
                0x000031e0      0x156 main.o
                0x000031e0                info_display
 .text.compare_actions
                0x00003336       0x5a main.o
                0x00003336                compare_actions
 .text.SONAR_sense
                0x00003390       0x36 main.o
                0x00003390                SONAR_sense
 .text.PHOTO_sense
                0x000033c6       0x74 main.o
                0x000033c6                PHOTO_sense
 .text.IR_sense
                0x0000343a       0x4c main.o
                0x0000343a                IR_sense
 .text.explore  0x00003486       0x20 main.o
                0x00003486                explore
 .text.IR_avoid
                0x000034a6       0xe0 main.o
                0x000034a6                IR_avoid
 .text.act      0x00003586       0x40 main.o
                0x00003586                act
 .text.CBOT_main
                0x000035c6       0xba main.o
                0x000035c6                CBOT_main
 .text.avr-libc
                0x00003680      0x6fa c:/program files (x86)/atmel/studio/7.0/toolchain/avr8/avr8-gnu-toolchain/bin/../lib/gcc/avr/5.4.0/../../../../avr/lib/avr5\libprintf_flt.a(vfprintf_flt.o)
                0x00003680                vfprintf
 .text.avr-libc.fplib
                0x00003d7a        0xe c:/program files (x86)/atmel/studio/7.0/toolchain/avr8/avr8-gnu-toolchain/bin/../lib/gcc/avr/5.4.0/../../../../avr/lib/avr5\libm.a(addsf3.o)
                0x00003d7a                __subsf3
                0x00003d7c                __addsf3
 .text.avr-libc.fplib
                0x00003d88       0xcc c:/program files (x86)/atmel/studio/7.0/toolchain/avr8/avr8-gnu-toolchain/bin/../lib/gcc/avr/5.4.0/../../../../avr/lib/avr5\libm.a(addsf3x.o)
                0x00003daa                __addsf3x
 .text.avr-libc.fplib
                0x00003e54        0x8 c:/program files (x86)/atmel/studio/7.0/toolchain/avr8/avr8-gnu-toolchain/bin/../lib/gcc/avr/5.4.0/../../../../avr/lib/avr5\libm.a(divsf3.o)
                0x00003e54                __divsf3
 .text.avr-libc.fplib
                0x00003e5c       0xdc c:/program files (x86)/atmel/studio/7.0/toolchain/avr8/avr8-gnu-toolchain/bin/../lib/gcc/avr/5.4.0/../../../../avr/lib/avr5\libm.a(divsf3x.o)
                0x00003e7c                __divsf3x
                0x00003e82                __divsf3_pse
 .text.avr-libc.fplib
                0x00003f38       0x5e c:/program files (x86)/atmel/studio/7.0/toolchain/avr8/avr8-gnu-toolchain/bin/../lib/gcc/avr/5.4.0/../../../../avr/lib/avr5\libm.a(fixunssfsi.o)
                0x00003f38                __fixunssfsi
 .text.avr-libc.fplib
                0x00003f96       0x7a c:/program files (x86)/atmel/studio/7.0/toolchain/avr8/avr8-gnu-toolchain/bin/../lib/gcc/avr/5.4.0/../../../../avr/lib/avr5\libm.a(floatsisf.o)
                0x00003f96                __floatunsisf
                0x00003f9a                __floatsisf
 .text.avr-libc.fplib
                0x00004010        0xc c:/program files (x86)/atmel/studio/7.0/toolchain/avr8/avr8-gnu-toolchain/bin/../lib/gcc/avr/5.4.0/../../../../avr/lib/avr5\libm.a(fp_inf.o)
                0x00004010                __fp_inf
 .text.avr-libc.fplib
                0x0000401c        0x6 c:/program files (x86)/atmel/studio/7.0/toolchain/avr8/avr8-gnu-toolchain/bin/../lib/gcc/avr/5.4.0/../../../../avr/lib/avr5\libm.a(fp_nan.o)
                0x0000401c                __fp_nan
 .text.avr-libc.fplib
                0x00004022        0xe c:/program files (x86)/atmel/studio/7.0/toolchain/avr8/avr8-gnu-toolchain/bin/../lib/gcc/avr/5.4.0/../../../../avr/lib/avr5\libm.a(fp_pscA.o)
                0x00004022                __fp_pscA
 .text.avr-libc.fplib
                0x00004030        0xe c:/program files (x86)/atmel/studio/7.0/toolchain/avr8/avr8-gnu-toolchain/bin/../lib/gcc/avr/5.4.0/../../../../avr/lib/avr5\libm.a(fp_pscB.o)
                0x00004030                __fp_pscB
 .text.avr-libc.fplib
                0x0000403e       0x22 c:/program files (x86)/atmel/studio/7.0/toolchain/avr8/avr8-gnu-toolchain/bin/../lib/gcc/avr/5.4.0/../../../../avr/lib/avr5\libm.a(fp_round.o)
                0x0000403e                __fp_round
 .text.avr-libc.fplib
                0x00004060       0x44 c:/program files (x86)/atmel/studio/7.0/toolchain/avr8/avr8-gnu-toolchain/bin/../lib/gcc/avr/5.4.0/../../../../avr/lib/avr5\libm.a(fp_split3.o)
                0x00004060                __fp_split3
                0x00004070                __fp_splitA
 .text.avr-libc.fplib
                0x000040a4        0xe c:/program files (x86)/atmel/studio/7.0/toolchain/avr8/avr8-gnu-toolchain/bin/../lib/gcc/avr/5.4.0/../../../../avr/lib/avr5\libm.a(fp_zero.o)
                0x000040a4                __fp_zero
                0x000040a6                __fp_szero
 .text.avr-libc.fplib
                0x000040b2       0x7a c:/program files (x86)/atmel/studio/7.0/toolchain/avr8/avr8-gnu-toolchain/bin/../lib/gcc/avr/5.4.0/../../../../avr/lib/avr5\libm.a(lrint.o)
                0x000040b2                lrint
 .text.avr-libc.fplib
                0x0000412c        0x8 c:/program files (x86)/atmel/studio/7.0/toolchain/avr8/avr8-gnu-toolchain/bin/../lib/gcc/avr/5.4.0/../../../../avr/lib/avr5\libm.a(mulsf3.o)
                0x0000412c                __mulsf3
 .text.avr-libc.fplib
                0x00004134       0xd2 c:/program files (x86)/atmel/studio/7.0/toolchain/avr8/avr8-gnu-toolchain/bin/../lib/gcc/avr/5.4.0/../../../../avr/lib/avr5\libm.a(mulsf3x.o)
                0x00004152                __mulsf3x
                0x00004158                __mulsf3_pse
 .text.avr-libc.fplib
                0x00004206       0xa0 c:/program files (x86)/atmel/studio/7.0/toolchain/avr8/avr8-gnu-toolchain/bin/../lib/gcc/avr/5.4.0/../../../../avr/lib/avr5\libm.a(pow.o)
                0x00004206                pow
 .text.avr-libc.fplib
                0x000042a6       0x74 c:/program files (x86)/atmel/studio/7.0/toolchain/avr8/avr8-gnu-toolchain/bin/../lib/gcc/avr/5.4.0/../../../../avr/lib/avr5\libm.a(exp.o)
                0x000042b6                exp
 .text.avr-libc.fplib
                0x0000431a       0x4e c:/program files (x86)/atmel/studio/7.0/toolchain/avr8/avr8-gnu-toolchain/bin/../lib/gcc/avr/5.4.0/../../../../avr/lib/avr5\libm.a(fp_powser.o)
                0x0000431a                __fp_powser
 .text.avr-libc.fplib
                0x00004368       0x10 c:/program files (x86)/atmel/studio/7.0/toolchain/avr8/avr8-gnu-toolchain/bin/../lib/gcc/avr/5.4.0/../../../../avr/lib/avr5\libm.a(inverse.o)
                0x00004368                inverse
 .text.avr-libc.fplib
                0x00004378       0x74 c:/program files (x86)/atmel/studio/7.0/toolchain/avr8/avr8-gnu-toolchain/bin/../lib/gcc/avr/5.4.0/../../../../avr/lib/avr5\libm.a(ldexp.o)
                0x00004380                ldexp
 .text.avr-libc.fplib
                0x000043ec       0xa0 c:/program files (x86)/atmel/studio/7.0/toolchain/avr8/avr8-gnu-toolchain/bin/../lib/gcc/avr/5.4.0/../../../../avr/lib/avr5\libm.a(log.o)
                0x000043fc                log
 .text.avr-libc.fplib
                0x0000448c       0x68 c:/program files (x86)/atmel/studio/7.0/toolchain/avr8/avr8-gnu-toolchain/bin/../lib/gcc/avr/5.4.0/../../../../avr/lib/avr5\libm.a(modf.o)
                0x0000448c                modf
                0x0000448c                modff
 .text.avr-libc.fplib
                0x000044f4       0x1c c:/program files (x86)/atmel/studio/7.0/toolchain/avr8/avr8-gnu-toolchain/bin/../lib/gcc/avr/5.4.0/../../../../avr/lib/avr5\libm.a(fp_mpack.o)
                0x000044f4                __fp_mpack
                0x000044f8                __fp_mpack_finite
 .text.libgcc.mul
                0x00004510       0x20 c:/program files (x86)/atmel/studio/7.0/toolchain/avr8/avr8-gnu-toolchain/bin/../lib/gcc/avr/5.4.0/avr5\libgcc.a(_mulsi3.o)
                0x00004510                __mulsi3
 .text.libgcc.div
                0x00004530       0x44 c:/program files (x86)/atmel/studio/7.0/toolchain/avr8/avr8-gnu-toolchain/bin/../lib/gcc/avr/5.4.0/avr5\libgcc.a(_udivmodsi4.o)
                0x00004530                __udivmodsi4
 .text.libgcc.mul
                0x00004574       0x1e c:/program files (x86)/atmel/studio/7.0/toolchain/avr8/avr8-gnu-toolchain/bin/../lib/gcc/avr/5.4.0/avr5\libgcc.a(_umulhisi3.o)
                0x00004574                __umulhisi3
 .text.libgcc.mul
                0x00004592       0x16 c:/program files (x86)/atmel/studio/7.0/toolchain/avr8/avr8-gnu-toolchain/bin/../lib/gcc/avr/5.4.0/avr5\libgcc.a(_muluhisi3.o)
                0x00004592                __muluhisi3
 .text.libgcc.prologue
                0x000045a8       0x38 c:/program files (x86)/atmel/studio/7.0/toolchain/avr8/avr8-gnu-toolchain/bin/../lib/gcc/avr/5.4.0/avr5\libgcc.a(_prologue.o)
                0x000045a8                __prologue_saves__
 .text.libgcc.prologue
                0x000045e0       0x36 c:/program files (x86)/atmel/studio/7.0/toolchain/avr8/avr8-gnu-toolchain/bin/../lib/gcc/avr/5.4.0/avr5\libgcc.a(_epilogue.o)
                0x000045e0                __epilogue_restores__
 .text.avr-libc
                0x00004616      0x242 c:/program files (x86)/atmel/studio/7.0/toolchain/avr8/avr8-gnu-toolchain/bin/../lib/gcc/avr/5.4.0/../../../../avr/lib/avr5\libc.a(malloc.o)
                0x00004616                malloc
                0x00004746                free
 .text.avr-libc
                0x00004858      0x1b0 c:/program files (x86)/atmel/studio/7.0/toolchain/avr8/avr8-gnu-toolchain/bin/../lib/gcc/avr/5.4.0/../../../../avr/lib/avr5\libc.a(ftoa_engine.o)
                0x00004858                __ftoa_engine
 .text.avr-libc
                0x00004a08       0x16 c:/program files (x86)/atmel/studio/7.0/toolchain/avr8/avr8-gnu-toolchain/bin/../lib/gcc/avr/5.4.0/../../../../avr/lib/avr5\libc.a(strnlen_P.o)
                0x00004a08                strnlen_P
 .text.avr-libc
                0x00004a1e       0x16 c:/program files (x86)/atmel/studio/7.0/toolchain/avr8/avr8-gnu-toolchain/bin/../lib/gcc/avr/5.4.0/../../../../avr/lib/avr5\libc.a(strnlen.o)
                0x00004a1e                strnlen
 .text.avr-libc
                0x00004a34       0x78 c:/program files (x86)/atmel/studio/7.0/toolchain/avr8/avr8-gnu-toolchain/bin/../lib/gcc/avr/5.4.0/../../../../avr/lib/avr5\libc.a(fputc.o)
                0x00004a34                fputc
 .text.avr-libc
                0x00004aac       0x2c c:/program files (x86)/atmel/studio/7.0/toolchain/avr8/avr8-gnu-toolchain/bin/../lib/gcc/avr/5.4.0/../../../../avr/lib/avr5\libc.a(printf.o)
                0x00004aac                printf
 .text.avr-libc
                0x00004ad8       0x60 c:/program files (x86)/atmel/studio/7.0/toolchain/avr8/avr8-gnu-toolchain/bin/../lib/gcc/avr/5.4.0/../../../../avr/lib/avr5\libc.a(puts.o)
                0x00004ad8                puts
 .text.avr-libc
                0x00004b38       0xbc c:/program files (x86)/atmel/studio/7.0/toolchain/avr8/avr8-gnu-toolchain/bin/../lib/gcc/avr/5.4.0/../../../../avr/lib/avr5\libc.a(ultoa_invert.o)
                0x00004b38                __ultoa_invert
                0x00004bf4                . = ALIGN (0x2)
 *(.fini9)
 .fini9         0x00004bf4        0x0 c:/program files (x86)/atmel/studio/7.0/toolchain/avr8/avr8-gnu-toolchain/bin/../lib/gcc/avr/5.4.0/avr5\libgcc.a(_exit.o)
                0x00004bf4                _exit
                0x00004bf4                exit
 *(.fini9)
 *(.fini8)
 *(.fini8)
 *(.fini7)
 *(.fini7)
 *(.fini6)
 *(.fini6)
 *(.fini5)
 *(.fini5)
 *(.fini4)
 *(.fini4)
 *(.fini3)
 *(.fini3)
 *(.fini2)
 *(.fini2)
 *(.fini1)
 *(.fini1)
 *(.fini0)
 .fini0         0x00004bf4        0x4 c:/program files (x86)/atmel/studio/7.0/toolchain/avr8/avr8-gnu-toolchain/bin/../lib/gcc/avr/5.4.0/avr5\libgcc.a(_exit.o)
 *(.fini0)
                0x00004bf8                _etext = .

.data           0x00800100       0xbc load address 0x00004bf8
                0x00800100                PROVIDE (__data_start, .)
 *(.data)
 .data          0x00800100        0x1 ../../../capi324v22x-v2.06.000R\libcapi324v22x.a(ADC_set_channel.o)
 .data          0x00800101        0x4 ../../../capi324v22x-v2.06.000R\libcapi324v22x.a(ATTINY_get_IR_state.o)
 .data          0x00800105        0xe ../../../capi324v22x-v2.06.000R\libcapi324v22x.a(LCD_globals.o)
                0x00800105                LCD_stdout
 .data          0x00800113        0x8 ../../../capi324v22x-v2.06.000R\libcapi324v22x.a(STEPPER_globals.o)
                0x00800113                Motor_L_LUT
                0x00800117                Motor_R_LUT
 .data          0x0080011b        0x6 c:/program files (x86)/atmel/studio/7.0/toolchain/avr8/avr8-gnu-toolchain/bin/../lib/gcc/avr/5.4.0/../../../../avr/lib/avr5\libc.a(malloc.o)
                0x0080011b                __malloc_heap_end
                0x0080011d                __malloc_heap_start
                0x0080011f                __malloc_margin
 *(.data*)
 *(.gnu.linkonce.d*)
 *(.rodata)
 *(.rodata*)
 .rodata.str1.1
                0x00800121       0x9a main.o
 *(.gnu.linkonce.r*)
                0x008001bc                . = ALIGN (0x2)
 *fill*         0x008001bb        0x1 
                0x008001bc                _edata = .
                0x008001bc                PROVIDE (__data_end, .)

.bss            0x008001bc      0x114
                0x008001bc                PROVIDE (__bss_start, .)
 *(.bss)
 .bss           0x008001bc        0x2 ../../../capi324v22x-v2.06.000R\libcapi324v22x.a(STEPPER_step.o)
 .bss           0x008001be        0x2 ../../../capi324v22x-v2.06.000R\libcapi324v22x.a(STEPPER_step2.o)
 .bss           0x008001c0        0xb ../../../capi324v22x-v2.06.000R\libcapi324v22x.a(ATTINY_get_IR_state.o)
 .bss           0x008001cb       0x40 ../../../capi324v22x-v2.06.000R\libcapi324v22x.a(ISR_globals.o)
                0x008001cb                CBOT_ISR_vtable
 .bss           0x0080020b       0x10 ../../../capi324v22x-v2.06.000R\libcapi324v22x.a(SPI_globals.o)
                0x0080020b                spi_config_func_LUT
 .bss           0x0080021b       0x10 ../../../capi324v22x-v2.06.000R\libcapi324v22x.a(SPKR_globals.o)
                0x0080021b                tone_mode_active
                0x0080021c                beep_mode_active
                0x0080021d                spkr_accum32
                0x00800221                spkr_freq
                0x00800225                beep_accum16
                0x00800227                beep_freq
                0x00800229                p_Freq_LUT
 .bss           0x0080022b        0x2 ../../../capi324v22x-v2.06.000R\libcapi324v22x.a(TMRSRVC_globals.o)
                0x0080022b                timer_busy_status
                0x0080022c                timer_run_status
 .bss           0x0080022d        0x1 ../../../capi324v22x-v2.06.000R\libcapi324v22x.a(STEPPER_process_run_mode.o)
 .bss           0x0080022e        0x4 ../../../capi324v22x-v2.06.000R\libcapi324v22x.a(STEPPER_process_pwm.o)
 *(.bss*)
 .bss.previous_action.3813
                0x00800232        0x9 main.o
 .bss.sense_timer.3787
                0x0080023b        0x9 main.o
 .bss.timer_started.3786
                0x00800244        0x1 main.o
 .bss.previous_state.3760
                0x00800245        0x1 main.o
 *(COMMON)
 COMMON         0x00800246        0x9 main.o
                0x00800246                action
 COMMON         0x0080024f       0x15 ../../../capi324v22x-v2.06.000R\libcapi324v22x.a(SYS_globals.o)
                0x0080024f                CBOT_SYSTEM_refcount
 COMMON         0x00800264        0x5 ../../../capi324v22x-v2.06.000R\libcapi324v22x.a(LCD_globals.o)
                0x00800264                LCD_params
 COMMON         0x00800269        0x1 ../../../capi324v22x-v2.06.000R\libcapi324v22x.a(SPI_globals.o)
                0x00800269                curr_spi_addr
 COMMON         0x0080026a       0x39 ../../../capi324v22x-v2.06.000R\libcapi324v22x.a(STEPPER_globals.o)
                0x0080026a                STEPPER_params
                0x008002a1                step_done
 COMMON         0x008002a3        0x2 ../../../capi324v22x-v2.06.000R\libcapi324v22x.a(STOPWATCH_globals.o)
                0x008002a3                STOPWATCH_params
 COMMON         0x008002a5       0x1e ../../../capi324v22x-v2.06.000R\libcapi324v22x.a(ATTINY_globals.o)
                0x008002a5                ATTINY_params
 COMMON         0x008002c3        0x3 ../../../capi324v22x-v2.06.000R\libcapi324v22x.a(TMRSRVC_globals.o)
                0x008002c3                tmrNodes
 COMMON         0x008002c6        0x4 c:/program files (x86)/atmel/studio/7.0/toolchain/avr8/avr8-gnu-toolchain/bin/../lib/gcc/avr/5.4.0/../../../../avr/lib/avr5\libc.a(malloc.o)
                0x008002c6                __brkval
                0x008002c8                __flp
 COMMON         0x008002ca        0x6 c:/program files (x86)/atmel/studio/7.0/toolchain/avr8/avr8-gnu-toolchain/bin/../lib/gcc/avr/5.4.0/../../../../avr/lib/avr5\libc.a(iob.o)
                0x008002ca                __iob
                0x008002d0                PROVIDE (__bss_end, .)
                0x00004bf8                __data_load_start = LOADADDR (.data)
                0x00004cb4                __data_load_end = (__data_load_start + SIZEOF (.data))

.noinit         0x008002d0        0x0
                [!provide]                PROVIDE (__noinit_start, .)
 *(.noinit*)
                [!provide]                PROVIDE (__noinit_end, .)
                0x008002d0                _end = .
                0x008002d0                PROVIDE (__heap_start, .)

.eeprom         0x00810000        0x0
 *(.eeprom*)
                0x00810000                __eeprom_end = .

.fuse
 *(.fuse)
 *(.lfuse)
 *(.hfuse)
 *(.efuse)

.lock
 *(.lock*)

.signature
 *(.signature*)

.user_signatures
 *(.user_signatures*)

.stab
 *(.stab)

.stabstr
 *(.stabstr)

.stab.excl
 *(.stab.excl)

.stab.exclstr
 *(.stab.exclstr)

.stab.index
 *(.stab.index)

.stab.indexstr
 *(.stab.indexstr)

.comment        0x00000000       0x5c
 *(.comment)
 .comment       0x00000000       0x30 main.o
                                 0x31 (size before relaxing)
 .comment       0x00000030       0x2c c:/program files (x86)/atmel/studio/7.0/toolchain/avr8/avr8-gnu-toolchain/bin/../lib/gcc/avr/5.4.0/../../../../avr/lib/avr5\libprintf_flt.a(vfprintf_flt.o)
                                 0x2d (size before relaxing)
 .comment       0x0000005c       0x31 c:/program files (x86)/atmel/studio/7.0/toolchain/avr8/avr8-gnu-toolchain/bin/../lib/gcc/avr/5.4.0/../../../../avr/lib/avr5\libc.a(malloc.o)
 .comment       0x0000005c       0x31 c:/program files (x86)/atmel/studio/7.0/toolchain/avr8/avr8-gnu-toolchain/bin/../lib/gcc/avr/5.4.0/../../../../avr/lib/avr5\libc.a(fputc.o)
 .comment       0x0000005c       0x31 c:/program files (x86)/atmel/studio/7.0/toolchain/avr8/avr8-gnu-toolchain/bin/../lib/gcc/avr/5.4.0/../../../../avr/lib/avr5\libc.a(iob.o)
 .comment       0x0000005c       0x31 c:/program files (x86)/atmel/studio/7.0/toolchain/avr8/avr8-gnu-toolchain/bin/../lib/gcc/avr/5.4.0/../../../../avr/lib/avr5\libc.a(printf.o)
 .comment       0x0000005c       0x31 c:/program files (x86)/atmel/studio/7.0/toolchain/avr8/avr8-gnu-toolchain/bin/../lib/gcc/avr/5.4.0/../../../../avr/lib/avr5\libc.a(puts.o)

.note.gnu.avr.deviceinfo
                0x00000000       0x40
 .note.gnu.avr.deviceinfo
                0x00000000       0x40 C:/Program Files (x86)/Atmel/Studio/7.0/Packs/atmel/ATmega_DFP/1.6.364/gcc/dev/atmega324p/avr5/crtatmega324p.o

.note.gnu.build-id
 *(.note.gnu.build-id)

.debug
 *(.debug)

.line
 *(.line)

.debug_srcinfo
 *(.debug_srcinfo)

.debug_sfnames
 *(.debug_sfnames)

.debug_aranges  0x00000000       0x78
 *(.debug_aranges)
 .debug_aranges
                0x00000000       0x78 main.o

.debug_pubnames
 *(.debug_pubnames)

.debug_info     0x00000000     0x1219
 *(.debug_info .gnu.linkonce.wi.*)
 .debug_info    0x00000000      0x6cc C:/Program Files (x86)/Atmel/Studio/7.0/Packs/atmel/ATmega_DFP/1.6.364/gcc/dev/atmega324p/avr5/crtatmega324p.o
 .debug_info    0x000006cc      0xb4d main.o

.debug_abbrev   0x00000000      0x973
 *(.debug_abbrev)
 .debug_abbrev  0x00000000      0x66e C:/Program Files (x86)/Atmel/Studio/7.0/Packs/atmel/ATmega_DFP/1.6.364/gcc/dev/atmega324p/avr5/crtatmega324p.o
 .debug_abbrev  0x0000066e      0x305 main.o

.debug_line     0x00000000      0x5de
 *(.debug_line .debug_line.* .debug_line_end)
 .debug_line    0x00000000      0x152 C:/Program Files (x86)/Atmel/Studio/7.0/Packs/atmel/ATmega_DFP/1.6.364/gcc/dev/atmega324p/avr5/crtatmega324p.o
 .debug_line    0x00000152      0x48c main.o

.debug_frame    0x00000000      0x2b4
 *(.debug_frame)
 .debug_frame   0x00000000      0x2b4 main.o

.debug_str      0x00000000      0x98e
 *(.debug_str)
 .debug_str     0x00000000      0x255 C:/Program Files (x86)/Atmel/Studio/7.0/Packs/atmel/ATmega_DFP/1.6.364/gcc/dev/atmega324p/avr5/crtatmega324p.o
 .debug_str     0x00000255      0x739 main.o
                                0x79c (size before relaxing)

.debug_loc      0x00000000      0x9b0
 *(.debug_loc)
 .debug_loc     0x00000000      0x9b0 main.o

.debug_macinfo
 *(.debug_macinfo)

.debug_weaknames
 *(.debug_weaknames)

.debug_funcnames
 *(.debug_funcnames)

.debug_typenames
 *(.debug_typenames)

.debug_varnames
 *(.debug_varnames)

.debug_pubtypes
 *(.debug_pubtypes)

.debug_ranges   0x00000000       0x68
 *(.debug_ranges)
 .debug_ranges  0x00000000       0x68 main.o

.debug_macro
 *(.debug_macro)
OUTPUT(WallFollow.elf elf32-avr)
LOAD linker stubs
